// Jest Snapshot v1, https://goo.gl/fbAQLP

exports[`Orders Page should render successfully 1`] = `
<body>
  <div>
    <div
      class="sc-AxhCb dyCIgT"
    >
      <div
        class="sc-AxirZ dkfEnX"
      >
        <div
          class="p-dialog-mask p-component-overlay p-dialog-center"
        />
      </div>
      <div
        class="card"
      >
        <div
          class="p-grid"
        >
          <div
            class="p-md-8 p-col-12"
          >
            <div
              class="sc-AxiKw kwGUfS"
            >
              <div
                class="order-filter p-grid"
              >
                <div
                  class="p-inputgroup p-col-12 p-md-6"
                >
                  <span
                    class="p-inputgroup-addon"
                  >
                    <i
                      class="fa fa-search"
                    />
                  </span>
                  <input
                    class="p-inputtext p-component"
                    data-testid="searchTerm"
                    placeholder="Search..."
                    type="text"
                    value=""
                  />
                </div>
                <div
                  class="p-col-12 p-md-6"
                >
                  <div
                    class="p-dropdown p-component p-inputwrapper-filled"
                  >
                    <div
                      class="p-hidden-accessible"
                    >
                      <input
                        aria-haspopup="listbox"
                        readonly=""
                        type="text"
                      />
                    </div>
                    <div
                      class="p-hidden-accessible p-dropdown-hidden-select"
                    >
                      <select
                        aria-hidden="true"
                        tabindex="-1"
                      >
                        <option
                          value=""
                        />
                        <option
                          value="id"
                        >
                          Order number
                        </option>
                      </select>
                    </div>
                    <label
                      class="p-dropdown-label p-inputtext"
                    >
                      Order number
                    </label>
                    <div
                      aria-haspopup="listbox"
                      class="p-dropdown-trigger"
                      role="button"
                    >
                      <span
                        class="p-dropdown-trigger-icon pi pi-chevron-down p-clickable"
                      />
                    </div>
                    <div
                      class="p-dropdown-panel p-hidden p-input-overlay"
                    >
                      <div
                        class="p-dropdown-items-wrapper"
                        style="max-height: 200px;"
                      >
                        <ul
                          class="p-dropdown-items p-dropdown-list p-component"
                          role="listbox"
                        >
                          <li
                            aria-label="Order number"
                            aria-selected="true"
                            class="p-dropdown-item p-highlight"
                            role="option"
                          >
                            Order number
                          </li>
                          <li
                            aria-label="Cargo Name"
                            aria-selected="false"
                            class="p-dropdown-item"
                            role="option"
                          >
                            Cargo Name
                          </li>
                          <li
                            aria-label="From"
                            aria-selected="false"
                            class="p-dropdown-item"
                            role="option"
                          >
                            From
                          </li>
                          <li
                            aria-label="To"
                            aria-selected="false"
                            class="p-dropdown-item"
                            role="option"
                          >
                            To
                          </li>
                        </ul>
                      </div>
                    </div>
                  </div>
                </div>
              </div>
            </div>
          </div>
          <div
            class="button p-md-4 p-col-12"
          >
            <a
              href="/orders/create"
            >
              <button
                class="p-button p-component raised-btn p-button-text-icon-left"
                type="button"
              >
                <span
                  class="fa fa-plus p-c p-button-icon-left"
                />
                <span
                  class="p-button-text p-c"
                >
                  Create order
                </span>
              </button>
            </a>
          </div>
        </div>
        <div
          class="p-datatable p-component"
        >
          <div
            class="p-datatable-wrapper"
          >
            <table
              role="grid"
            >
              <thead
                class="p-datatable-thead"
              >
                <tr>
                  <th
                    aria-sort="none"
                    class="p-sortable-column p-highlight id"
                    rowspan="2"
                  >
                    <span
                      class="p-column-title"
                    >
                      Num.
                    </span>
                    <span
                      class="p-sortable-column-icon pi pi-fw pi-sort-amount-down"
                    />
                  </th>
                  <th
                    aria-sort="none"
                    class="p-sortable-column cargoName"
                    rowspan="2"
                  >
                    <span
                      class="p-column-title"
                    >
                      Cargo Name
                    </span>
                    <span
                      class="p-sortable-column-icon pi pi-fw pi-sort-alt"
                    />
                  </th>
                  <th
                    class=""
                    rowspan="2"
                  >
                    <span
                      class="p-column-title"
                    >
                      Weight/Volume
                    </span>
                  </th>
                  <th
                    class=""
                    colspan="2"
                  >
                    <span
                      class="p-column-title"
                    >
                      Route
                    </span>
                  </th>
                  <th
                    class=""
                    rowspan="2"
                  >
                    <span
                      class="p-column-title"
                    >
                      Delivery Costs
                    </span>
                  </th>
                  <th
                    class=""
                    rowspan="2"
                  >
                    <span
                      class="p-column-title"
                    >
                      Delivery Date
                    </span>
                  </th>
                  <th
                    class=""
                    rowspan="2"
                  >
                    <span
                      class="p-column-title"
                    >
                      Status
                    </span>
                  </th>
                  <th
                    class=""
                    rowspan="2"
                  >
                    <span
                      class="p-column-title"
                    >
                      Paid
                    </span>
                  </th>
                </tr>
                <tr>
                  <th
                    aria-sort="none"
                    class="p-sortable-column cityFrom"
                  >
                    <span
                      class="p-column-title"
                    >
                      From
                    </span>
                    <span
                      class="p-sortable-column-icon pi pi-fw pi-sort-alt"
                    />
                  </th>
                  <th
                    aria-sort="none"
                    class="p-sortable-column cityTo"
                  >
                    <span
                      class="p-column-title"
                    >
                      To
                    </span>
                    <span
                      class="p-sortable-column-icon pi pi-fw pi-sort-alt"
                    />
                  </th>
                </tr>
              </thead>
              <tbody
                class="p-datatable-tbody"
              >
                <tr
                  class="p-datatable-row"
                >
                  <td
                    class=""
                  >
                    <a
                      href="/orders/1"
                    >
                      1
                    </a>
                  </td>
                  <td
                    class=""
                  >
                    Computers
                  </td>
                  <td
                    class=""
                  >
                    <span>
                      12 kg / - m3
                    </span>
                  </td>
                  <td
                    class=""
                  >
                    Kyiv
                  </td>
                  <td
                    class=""
                  >
                    Dnipro
                  </td>
                  <td
                    class=""
                  >
                    <span />
                  </td>
                  <td
                    class=""
                  >
                    <span />
                  </td>
                  <td
                    class=""
                  >
                    <span>
                      New
                    </span>
                  </td>
                  <td
                    class=""
                  >
                    <span>
                      No
                    </span>
                  </td>
                </tr>
                <tr
                  class="p-datatable-row"
                >
                  <td
                    class=""
                  >
                    <a
                      href="/orders/1"
                    >
                      1
                    </a>
                  </td>
                  <td
                    class=""
                  >
                    Computers
                  </td>
                  <td
                    class=""
                  >
                    <span>
                      12 kg / - m3
                    </span>
                  </td>
                  <td
                    class=""
                  >
                    Kyiv
                  </td>
                  <td
                    class=""
                  >
                    Dnipro
                  </td>
                  <td
                    class=""
                  >
                    <span />
                  </td>
                  <td
                    class=""
                  >
                    <span />
                  </td>
                  <td
                    class=""
                  >
                    <span>
                      New
                    </span>
                  </td>
                  <td
                    class=""
                  >
                    <span>
                      No
                    </span>
                  </td>
                </tr>
                <tr
                  class="p-datatable-row"
                >
                  <td
                    class=""
                  >
                    <a
                      href="/orders/1"
                    >
                      1
                    </a>
                  </td>
                  <td
                    class=""
                  >
                    Computers
                  </td>
                  <td
                    class=""
                  >
                    <span>
                      12 kg / - m3
                    </span>
                  </td>
                  <td
                    class=""
                  >
                    Kyiv
                  </td>
                  <td
                    class=""
                  >
                    Dnipro
                  </td>
                  <td
                    class=""
                  >
                    <span />
                  </td>
                  <td
                    class=""
                  >
                    <span />
                  </td>
                  <td
                    class=""
                  >
                    <span>
                      New
                    </span>
                  </td>
                  <td
                    class=""
                  >
                    <span>
                      No
                    </span>
                  </td>
                </tr>
                <tr
                  class="p-datatable-row"
                >
                  <td
                    class=""
                  >
                    <a
                      href="/orders/1"
                    >
                      1
                    </a>
                  </td>
                  <td
                    class=""
                  >
                    Computers
                  </td>
                  <td
                    class=""
                  >
                    <span>
                      12 kg / - m3
                    </span>
                  </td>
                  <td
                    class=""
                  >
                    Kyiv
                  </td>
                  <td
                    class=""
                  >
                    Dnipro
                  </td>
                  <td
                    class=""
                  >
                    <span />
                  </td>
                  <td
                    class=""
                  >
                    <span />
                  </td>
                  <td
                    class=""
                  >
                    <span>
                      New
                    </span>
                  </td>
                  <td
                    class=""
                  >
                    <span>
                      No
                    </span>
                  </td>
                </tr>
                <tr
                  class="p-datatable-row"
                >
                  <td
                    class=""
                  >
                    <a
                      href="/orders/1"
                    >
                      1
                    </a>
                  </td>
                  <td
                    class=""
                  >
                    Computers
                  </td>
                  <td
                    class=""
                  >
                    <span>
                      12 kg / - m3
                    </span>
                  </td>
                  <td
                    class=""
                  >
                    Kyiv
                  </td>
                  <td
                    class=""
                  >
                    Dnipro
                  </td>
                  <td
                    class=""
                  >
                    <span />
                  </td>
                  <td
                    class=""
                  >
                    <span />
                  </td>
                  <td
                    class=""
                  >
                    <span>
                      New
                    </span>
                  </td>
                  <td
                    class=""
                  >
                    <span>
                      No
                    </span>
                  </td>
                </tr>
                <tr
                  class="p-datatable-row"
                >
                  <td
                    class=""
                  >
                    <a
                      href="/orders/1"
                    >
                      1
                    </a>
                  </td>
                  <td
                    class=""
                  >
                    Computers
                  </td>
                  <td
                    class=""
                  >
                    <span>
                      12 kg / - m3
                    </span>
                  </td>
                  <td
                    class=""
                  >
                    Kyiv
                  </td>
                  <td
                    class=""
                  >
                    Dnipro
                  </td>
                  <td
                    class=""
                  >
                    <span />
                  </td>
                  <td
                    class=""
                  >
                    <span />
                  </td>
                  <td
                    class=""
                  >
                    <span>
                      New
                    </span>
                  </td>
                  <td
                    class=""
                  >
                    <span>
                      No
                    </span>
                  </td>
                </tr>
                <tr
                  class="p-datatable-row"
                >
                  <td
                    class=""
                  >
                    <a
                      href="/orders/1"
                    >
                      1
                    </a>
                  </td>
                  <td
                    class=""
                  >
                    Computers
                  </td>
                  <td
                    class=""
                  >
                    <span>
                      12 kg / - m3
                    </span>
                  </td>
                  <td
                    class=""
                  >
                    Kyiv
                  </td>
                  <td
                    class=""
                  >
                    Dnipro
                  </td>
                  <td
                    class=""
                  >
                    <span />
                  </td>
                  <td
                    class=""
                  >
                    <span />
                  </td>
                  <td
                    class=""
                  >
                    <span>
                      New
                    </span>
                  </td>
                  <td
                    class=""
                  >
                    <span>
                      No
                    </span>
                  </td>
                </tr>
                <tr
                  class="p-datatable-row"
                >
                  <td
                    class=""
                  >
                    <a
                      href="/orders/1"
                    >
                      1
                    </a>
                  </td>
                  <td
                    class=""
                  >
                    Computers
                  </td>
                  <td
                    class=""
                  >
                    <span>
                      12 kg / - m3
                    </span>
                  </td>
                  <td
                    class=""
                  >
                    Kyiv
                  </td>
                  <td
                    class=""
                  >
                    Dnipro
                  </td>
                  <td
                    class=""
                  >
                    <span />
                  </td>
                  <td
                    class=""
                  >
                    <span />
                  </td>
                  <td
                    class=""
                  >
                    <span>
                      New
                    </span>
                  </td>
                  <td
                    class=""
                  >
                    <span>
                      No
                    </span>
                  </td>
                </tr>
                <tr
                  class="p-datatable-row"
                >
                  <td
                    class=""
                  >
                    <a
                      href="/orders/1"
                    >
                      1
                    </a>
                  </td>
                  <td
                    class=""
                  >
                    Computers
                  </td>
                  <td
                    class=""
                  >
                    <span>
                      12 kg / - m3
                    </span>
                  </td>
                  <td
                    class=""
                  >
                    Kyiv
                  </td>
                  <td
                    class=""
                  >
                    Dnipro
                  </td>
                  <td
                    class=""
                  >
                    <span />
                  </td>
                  <td
                    class=""
                  >
                    <span />
                  </td>
                  <td
                    class=""
                  >
                    <span>
                      New
                    </span>
                  </td>
                  <td
                    class=""
                  >
                    <span>
                      No
                    </span>
                  </td>
                </tr>
                <tr
                  class="p-datatable-row"
                >
                  <td
                    class=""
                  >
                    <a
                      href="/orders/1"
                    >
                      1
                    </a>
                  </td>
                  <td
                    class=""
                  >
                    Computers
                  </td>
                  <td
                    class=""
                  >
                    <span>
                      12 kg / - m3
                    </span>
                  </td>
                  <td
                    class=""
                  >
                    Kyiv
                  </td>
                  <td
                    class=""
                  >
                    Dnipro
                  </td>
                  <td
                    class=""
                  >
                    <span />
                  </td>
                  <td
                    class=""
                  >
                    <span />
                  </td>
                  <td
                    class=""
                  >
                    <span>
                      New
                    </span>
                  </td>
                  <td
                    class=""
                  >
                    <span>
                      No
                    </span>
                  </td>
                </tr>
                <tr
                  class="p-datatable-row"
                >
                  <td
                    class=""
                  >
                    <a
                      href="/orders/1"
                    >
                      1
                    </a>
                  </td>
                  <td
                    class=""
                  >
                    Computers
                  </td>
                  <td
                    class=""
                  >
                    <span>
                      12 kg / - m3
                    </span>
                  </td>
                  <td
                    class=""
                  >
                    Kyiv
                  </td>
                  <td
                    class=""
                  >
                    Dnipro
                  </td>
                  <td
                    class=""
                  >
                    <span />
                  </td>
                  <td
                    class=""
                  >
                    <span />
                  </td>
                  <td
                    class=""
                  >
                    <span>
                      New
                    </span>
                  </td>
                  <td
                    class=""
                  >
                    <span>
                      No
                    </span>
                  </td>
                </tr>
                <tr
                  class="p-datatable-row"
                >
                  <td
                    class=""
                  >
                    <a
                      href="/orders/1"
                    >
                      1
                    </a>
                  </td>
                  <td
                    class=""
                  >
                    Computers
                  </td>
                  <td
                    class=""
                  >
                    <span>
                      12 kg / - m3
                    </span>
                  </td>
                  <td
                    class=""
                  >
                    Kyiv
                  </td>
                  <td
                    class=""
                  >
                    Dnipro
                  </td>
                  <td
                    class=""
                  >
                    <span />
                  </td>
                  <td
                    class=""
                  >
                    <span />
                  </td>
                  <td
                    class=""
                  >
                    <span>
                      New
                    </span>
                  </td>
                  <td
                    class=""
                  >
                    <span>
                      No
                    </span>
                  </td>
                </tr>
              </tbody>
            </table>
          </div>
        </div>
        <div
          class="p-paginator p-component p-unselectable-text"
        >
          <button
            class="p-paginator-first p-paginator-element p-link p-disabled"
            disabled=""
            type="button"
          >
            <span
              class="p-paginator-icon pi pi-step-backward"
            />
          </button>
          <button
            class="p-paginator-prev p-paginator-element p-link p-disabled"
            disabled=""
            type="button"
          >
            <span
              class="p-paginator-icon pi pi-caret-left"
            />
          </button>
          <span
            class="p-paginator-pages"
          >
            <button
              class="p-paginator-page p-paginator-element p-link p-highlight"
              type="button"
            >
              1
            </button>
            <button
              class="p-paginator-page p-paginator-element p-link"
              type="button"
            >
              2
            </button>
          </span>
          <button
            class="p-paginator-next p-paginator-element p-link"
            type="button"
          >
            <span
              class="p-paginator-icon pi pi-caret-right"
            />
          </button>
          <button
            class="p-paginator-last p-paginator-element p-link"
            type="button"
          >
            <span
              class="p-paginator-icon pi pi-step-forward"
            />
          </button>
        </div>
      </div>
    </div>
  </div>
</body>
`;
